// Jest Snapshot v1, https://goo.gl/fbAQLP

exports[`ExpenseListItemRender 1`] = `
<div>
  <Link
    replace={false}
    to="/edit/1"
  >
    <h1>
      Car
    </h1>
  </Link>
  <p>
    5000
     - 
    0
  </p>
</div>
`;
